// Jest Snapshot v1, https://goo.gl/fbAQLP

exports[`<Signup /> renders and matches snapshot 1`] = `
<form
  className="Form-sc-1xszr8q-0 krRxky"
  method="post"
  onSubmit={[Function]}
>
  <fieldset
    aria-busy={false}
    disabled={false}
  >
    <h2>
      Signup for an account
    </h2>
    <DisplayError
      error={Object {}}
    />
    <label>
      Email
      <input
        name="email"
        onChange={[Function]}
        placehodler="Email"
        type="email"
        value=""
      />
    </label>
    <label>
      Name
      <input
        name="name"
        onChange={[Function]}
        placehodler="Name"
        type="text"
        value=""
      />
    </label>
    <label>
      Password
      <input
        name="password"
        onChange={[Function]}
        placehodler="Password"
        type="password"
        value=""
      />
    </label>
    <button
      type="submit"
    >
      Signup!
    </button>
  </fieldset>
</form>
`;
